Archive member included because of file (symbol)

f:/altera/nios2eds/bin/gnu/h-i686-mingw32/bin/../lib/gcc/nios2-elf/4.1.2/mno-hw-mul\libgcc.a(_fixunsdfsi.o)
                              obj/default/hello_world_small.o (__fixunsdfsi)
f:/altera/nios2eds/bin/gnu/h-i686-mingw32/bin/../lib/gcc/nios2-elf/4.1.2/mno-hw-mul\libgcc.a(_addsub_df.o)
                              f:/altera/nios2eds/bin/gnu/h-i686-mingw32/bin/../lib/gcc/nios2-elf/4.1.2/mno-hw-mul\libgcc.a(_fixunsdfsi.o) (__subdf3)
f:/altera/nios2eds/bin/gnu/h-i686-mingw32/bin/../lib/gcc/nios2-elf/4.1.2/mno-hw-mul\libgcc.a(_mul_df.o)
                              obj/default/hello_world_small.o (__muldf3)
f:/altera/nios2eds/bin/gnu/h-i686-mingw32/bin/../lib/gcc/nios2-elf/4.1.2/mno-hw-mul\libgcc.a(_ge_df.o)
                              f:/altera/nios2eds/bin/gnu/h-i686-mingw32/bin/../lib/gcc/nios2-elf/4.1.2/mno-hw-mul\libgcc.a(_fixunsdfsi.o) (__gedf2)
f:/altera/nios2eds/bin/gnu/h-i686-mingw32/bin/../lib/gcc/nios2-elf/4.1.2/mno-hw-mul\libgcc.a(_df_to_si.o)
                              f:/altera/nios2eds/bin/gnu/h-i686-mingw32/bin/../lib/gcc/nios2-elf/4.1.2/mno-hw-mul\libgcc.a(_fixunsdfsi.o) (__fixdfsi)
f:/altera/nios2eds/bin/gnu/h-i686-mingw32/bin/../lib/gcc/nios2-elf/4.1.2/mno-hw-mul\libgcc.a(_thenan_df.o)
                              f:/altera/nios2eds/bin/gnu/h-i686-mingw32/bin/../lib/gcc/nios2-elf/4.1.2/mno-hw-mul\libgcc.a(_addsub_df.o) (__thenan_df)
f:/altera/nios2eds/bin/gnu/h-i686-mingw32/bin/../lib/gcc/nios2-elf/4.1.2/mno-hw-mul\libgcc.a(_usi_to_df.o)
                              obj/default/hello_world_small.o (__floatunsidf)
f:/altera/nios2eds/bin/gnu/h-i686-mingw32/bin/../lib/gcc/nios2-elf/4.1.2/mno-hw-mul\libgcc.a(_muldi3.o)
                              f:/altera/nios2eds/bin/gnu/h-i686-mingw32/bin/../lib/gcc/nios2-elf/4.1.2/mno-hw-mul\libgcc.a(_mul_df.o) (__muldi3)
f:/altera/nios2eds/bin/gnu/h-i686-mingw32/bin/../lib/gcc/nios2-elf/4.1.2/mno-hw-mul\libgcc.a(_clzsi2.o)
                              f:/altera/nios2eds/bin/gnu/h-i686-mingw32/bin/../lib/gcc/nios2-elf/4.1.2/mno-hw-mul\libgcc.a(_usi_to_df.o) (__clzsi2)
f:/altera/nios2eds/bin/gnu/h-i686-mingw32/bin/../lib/gcc/nios2-elf/4.1.2/mno-hw-mul\libgcc.a(_pack_df.o)
                              f:/altera/nios2eds/bin/gnu/h-i686-mingw32/bin/../lib/gcc/nios2-elf/4.1.2/mno-hw-mul\libgcc.a(_addsub_df.o) (__pack_d)
f:/altera/nios2eds/bin/gnu/h-i686-mingw32/bin/../lib/gcc/nios2-elf/4.1.2/mno-hw-mul\libgcc.a(_unpack_df.o)
                              f:/altera/nios2eds/bin/gnu/h-i686-mingw32/bin/../lib/gcc/nios2-elf/4.1.2/mno-hw-mul\libgcc.a(_addsub_df.o) (__unpack_d)
f:/altera/nios2eds/bin/gnu/h-i686-mingw32/bin/../lib/gcc/nios2-elf/4.1.2/mno-hw-mul\libgcc.a(_fpcmp_parts_df.o)
                              f:/altera/nios2eds/bin/gnu/h-i686-mingw32/bin/../lib/gcc/nios2-elf/4.1.2/mno-hw-mul\libgcc.a(_ge_df.o) (__fpcmp_parts_d)
f:/altera/nios2eds/bin/gnu/h-i686-mingw32/bin/../lib/gcc/nios2-elf/4.1.2/mno-hw-mul\libgcc.a(lib2-mul.o)
                              f:/altera/nios2eds/bin/gnu/h-i686-mingw32/bin/../lib/gcc/nios2-elf/4.1.2/mno-hw-mul\libgcc.a(_muldi3.o) (__mulsi3)
f:/altera/nios2eds/bin/gnu/h-i686-mingw32/bin/../lib/gcc/nios2-elf/4.1.2/mno-hw-mul\libgcc.a(_clz.o)
                              f:/altera/nios2eds/bin/gnu/h-i686-mingw32/bin/../lib/gcc/nios2-elf/4.1.2/mno-hw-mul\libgcc.a(_clzsi2.o) (__clz_tab)
../Hello_World_bsp/\libhal_bsp.a(alt_alarm_start.o)
                              obj/default/hello_world_small.o (alt_alarm_start)
../Hello_World_bsp/\libhal_bsp.a(alt_load.o)
                              ../Hello_World_bsp//obj/HAL/src/crt0.o (alt_load)
../Hello_World_bsp/\libhal_bsp.a(alt_main.o)
                              ../Hello_World_bsp//obj/HAL/src/crt0.o (alt_main)
../Hello_World_bsp/\libhal_bsp.a(alt_putstr.o)
                              obj/default/hello_world_small.o (alt_putstr)
../Hello_World_bsp/\libhal_bsp.a(alt_tick.o)
                              ../Hello_World_bsp/\libhal_bsp.a(alt_alarm_start.o) (_alt_nticks)
../Hello_World_bsp/\libhal_bsp.a(alt_sys_init.o)
                              ../Hello_World_bsp/\libhal_bsp.a(alt_main.o) (alt_sys_init)
../Hello_World_bsp/\libhal_bsp.a(altera_avalon_jtag_uart_write.o)
                              ../Hello_World_bsp/\libhal_bsp.a(alt_putstr.o) (altera_avalon_jtag_uart_write)
../Hello_World_bsp/\libhal_bsp.a(altera_avalon_timer_sc.o)
                              ../Hello_World_bsp/\libhal_bsp.a(alt_sys_init.o) (alt_avalon_timer_sc_init)
../Hello_World_bsp/\libhal_bsp.a(alt_dcache_flush_all.o)
                              ../Hello_World_bsp/\libhal_bsp.a(alt_load.o) (alt_dcache_flush_all)
../Hello_World_bsp/\libhal_bsp.a(alt_icache_flush_all.o)
                              ../Hello_World_bsp/\libhal_bsp.a(alt_load.o) (alt_icache_flush_all)
../Hello_World_bsp/\libhal_bsp.a(alt_iic.o)
                              ../Hello_World_bsp/\libhal_bsp.a(altera_avalon_timer_sc.o) (alt_ic_isr_register)
../Hello_World_bsp/\libhal_bsp.a(alt_iic_isr_register.o)
                              ../Hello_World_bsp/\libhal_bsp.a(alt_iic.o) (alt_iic_isr_register)
../Hello_World_bsp/\libhal_bsp.a(alt_irq_entry.o)
                              ../Hello_World_bsp/\libhal_bsp.a(alt_iic_isr_register.o) (alt_irq_entry)
../Hello_World_bsp/\libhal_bsp.a(alt_irq_handler.o)
                              ../Hello_World_bsp/\libhal_bsp.a(alt_iic_isr_register.o) (alt_irq_handler)
../Hello_World_bsp/\libhal_bsp.a(alt_irq_vars.o)
                              ../Hello_World_bsp/\libhal_bsp.a(alt_iic.o) (alt_irq_active)
../Hello_World_bsp/\libhal_bsp.a(altera_nios2_qsys_irq.o)
                              ../Hello_World_bsp/\libhal_bsp.a(alt_sys_init.o) (altera_nios2_qsys_irq_init)
../Hello_World_bsp/\libhal_bsp.a(alt_exception_entry.o)
                              ../Hello_World_bsp/\libhal_bsp.a(alt_irq_entry.o) (alt_exception)
f:/altera/nios2eds/bin/gnu/h-i686-mingw32/bin/../lib/gcc/nios2-elf/4.1.2/../../../../nios2-elf/lib/mno-hw-mul\libsmallc.a(lib_a-strlen.o)
                              ../Hello_World_bsp/\libhal_bsp.a(alt_putstr.o) (strlen)

Allocating common symbols
Common symbol       size              file

alt_irq             0x100             ../Hello_World_bsp/\libhal_bsp.a(alt_irq_handler.o)
cont_f1             0x18              obj/default/hello_world_small.o
max_f1              0x4               obj/default/hello_world_small.o

Memory Configuration

Name             Origin             Length             Attributes
reset            0x00010000         0x00000020
onchip_memory2   0x00010020         0x000022e0
*default*        0x00000000         0xffffffff

Linker script and memory map

LOAD ../Hello_World_bsp//obj/HAL/src/crt0.o
                0x0001000c                exit = _exit
LOAD obj/default/hello_world_small.o
LOAD f:/altera/nios2eds/bin/gnu/h-i686-mingw32/bin/../lib/gcc/nios2-elf/4.1.2/../../../../nios2-elf/lib/mno-hw-mul\libstdc++.a
LOAD f:/altera/nios2eds/bin/gnu/h-i686-mingw32/bin/../lib/gcc/nios2-elf/4.1.2/../../../../nios2-elf/lib/mno-hw-mul\libm.a
LOAD f:/altera/nios2eds/bin/gnu/h-i686-mingw32/bin/../lib/gcc/nios2-elf/4.1.2/mno-hw-mul\libgcc.a
START GROUP
LOAD f:/altera/nios2eds/bin/gnu/h-i686-mingw32/bin/../lib/gcc/nios2-elf/4.1.2/../../../../nios2-elf/lib/mno-hw-mul\libsmallc.a
LOAD f:/altera/nios2eds/bin/gnu/h-i686-mingw32/bin/../lib/gcc/nios2-elf/4.1.2/mno-hw-mul\libgcc.a
LOAD ../Hello_World_bsp/\libhal_bsp.a
END GROUP
LOAD f:/altera/nios2eds/bin/gnu/h-i686-mingw32/bin/../lib/gcc/nios2-elf/4.1.2/mno-hw-mul\libgcc.a
                0x00010000                __alt_mem_onchip_memory2 = 0x10000

.entry          0x00010000       0x20
 *(.entry)
 .entry         0x00010000       0x20 ../Hello_World_bsp//obj/HAL/src/crt0.o
                0x00010000                __reset
                0x0001000c                _exit

.exceptions     0x00010020      0x120
                0x00010020                PROVIDE (__ram_exceptions_start, ABSOLUTE (.))
                0x00010020                . = ALIGN (0x20)
 *(.irq)
 *(.exceptions.entry.label)
 .exceptions.entry.label
                0x00010020        0x0 ../Hello_World_bsp/\libhal_bsp.a(alt_irq_entry.o)
                0x00010020                alt_irq_entry
 .exceptions.entry.label
                0x00010020        0x0 ../Hello_World_bsp/\libhal_bsp.a(alt_exception_entry.o)
                0x00010020                alt_exception
 *(.exceptions.entry.user)
 *(.exceptions.entry)
 .exceptions.entry
                0x00010020       0x54 ../Hello_World_bsp/\libhal_bsp.a(alt_exception_entry.o)
 *(.exceptions.irqtest.user)
 *(.exceptions.irqtest)
 .exceptions.irqtest
                0x00010074       0x10 ../Hello_World_bsp/\libhal_bsp.a(alt_irq_entry.o)
 *(.exceptions.irqhandler.user)
 *(.exceptions.irqhandler)
 .exceptions.irqhandler
                0x00010084        0x4 ../Hello_World_bsp/\libhal_bsp.a(alt_irq_entry.o)
 *(.exceptions.irqreturn.user)
 *(.exceptions.irqreturn)
 .exceptions.irqreturn
                0x00010088        0x4 ../Hello_World_bsp/\libhal_bsp.a(alt_irq_entry.o)
 *(.exceptions.notirq.label)
 .exceptions.notirq.label
                0x0001008c        0x0 ../Hello_World_bsp/\libhal_bsp.a(alt_irq_entry.o)
 *(.exceptions.notirq.user)
 *(.exceptions.notirq)
 .exceptions.notirq
                0x0001008c        0x8 ../Hello_World_bsp/\libhal_bsp.a(alt_exception_entry.o)
 *(.exceptions.soft.user)
 *(.exceptions.soft)
 *(.exceptions.unknown.user)
 *(.exceptions.unknown)
 .exceptions.unknown
                0x00010094        0x4 ../Hello_World_bsp/\libhal_bsp.a(alt_exception_entry.o)
 *(.exceptions.exit.label)
 .exceptions.exit.label
                0x00010098        0x0 ../Hello_World_bsp/\libhal_bsp.a(alt_irq_entry.o)
 .exceptions.exit.label
                0x00010098        0x0 ../Hello_World_bsp/\libhal_bsp.a(alt_exception_entry.o)
 *(.exceptions.exit.user)
 *(.exceptions.exit)
 .exceptions.exit
                0x00010098       0x54 ../Hello_World_bsp/\libhal_bsp.a(alt_exception_entry.o)
 *(.exceptions)
 .exceptions    0x000100ec       0x54 ../Hello_World_bsp/\libhal_bsp.a(alt_irq_handler.o)
                0x000100ec                alt_irq_handler
                0x00010140                PROVIDE (__ram_exceptions_end, ABSOLUTE (.))
                0x00010020                PROVIDE (__flash_exceptions_start, LOADADDR (.exceptions))

.text           0x00010140     0x19d8
                0x00010140                PROVIDE (stext, ABSOLUTE (.))
 *(.interp)
 *(.hash)
 *(.dynsym)
 *(.dynstr)
 *(.gnu.version)
 *(.gnu.version_d)
 *(.gnu.version_r)
 *(.rel.init)
 *(.rela.init)
 *(.rel.text .rel.text.* .rel.gnu.linkonce.t.*)
 *(.rela.text .rela.text.* .rela.gnu.linkonce.t.*)
 *(.rel.fini)
 *(.rela.fini)
 *(.rel.rodata .rel.rodata.* .rel.gnu.linkonce.r.*)
 *(.rela.rodata .rela.rodata.* .rela.gnu.linkonce.r.*)
 *(.rel.data .rel.data.* .rel.gnu.linkonce.d.*)
 *(.rela.data .rela.data.* .rela.gnu.linkonce.d.*)
 *(.rel.tdata .rel.tdata.* .rel.gnu.linkonce.td.*)
 *(.rela.tdata .rela.tdata.* .rela.gnu.linkonce.td.*)
 *(.rel.tbss .rel.tbss.* .rel.gnu.linkonce.tb.*)
 *(.rela.tbss .rela.tbss.* .rela.gnu.linkonce.tb.*)
 *(.rel.ctors)
 *(.rela.ctors)
 *(.rel.dtors)
 *(.rela.dtors)
 *(.rel.got)
 *(.rela.got)
 *(.rel.sdata .rel.sdata.* .rel.gnu.linkonce.s.*)
 *(.rela.sdata .rela.sdata.* .rela.gnu.linkonce.s.*)
 *(.rel.sbss .rel.sbss.* .rel.gnu.linkonce.sb.*)
 *(.rela.sbss .rela.sbss.* .rela.gnu.linkonce.sb.*)
 *(.rel.sdata2 .rel.sdata2.* .rel.gnu.linkonce.s2.*)
 *(.rela.sdata2 .rela.sdata2.* .rela.gnu.linkonce.s2.*)
 *(.rel.sbss2 .rel.sbss2.* .rel.gnu.linkonce.sb2.*)
 *(.rela.sbss2 .rela.sbss2.* .rela.gnu.linkonce.sb2.*)
 *(.rel.bss .rel.bss.* .rel.gnu.linkonce.b.*)
 *(.rela.bss .rela.bss.* .rela.gnu.linkonce.b.*)
 *(.rel.plt)
 *(.rela.plt)
 *(.rel.dyn)
 *(.init)
 *(.plt)
 *(.text .stub .text.* .gnu.linkonce.t.*)
 .text          0x00010140       0x3c ../Hello_World_bsp//obj/HAL/src/crt0.o
                0x00010140                _start
 .text          0x0001017c      0x1bc obj/default/hello_world_small.o
                0x0001017c                loop
                0x00010180                f_timer1
                0x0001028c                f1_interrupt
                0x000102a8                setup
                0x00010328                main
 .text          0x00010338       0xa4 f:/altera/nios2eds/bin/gnu/h-i686-mingw32/bin/../lib/gcc/nios2-elf/4.1.2/mno-hw-mul\libgcc.a(_fixunsdfsi.o)
                0x00010338                __fixunsdfsi
 .text          0x000103dc      0x504 f:/altera/nios2eds/bin/gnu/h-i686-mingw32/bin/../lib/gcc/nios2-elf/4.1.2/mno-hw-mul\libgcc.a(_addsub_df.o)
                0x000107ec                __subdf3
                0x0001086c                __adddf3
 .text          0x000108e0      0x3c4 f:/altera/nios2eds/bin/gnu/h-i686-mingw32/bin/../lib/gcc/nios2-elf/4.1.2/mno-hw-mul\libgcc.a(_mul_df.o)
                0x000108e0                __muldf3
 .text          0x00010ca4       0x88 f:/altera/nios2eds/bin/gnu/h-i686-mingw32/bin/../lib/gcc/nios2-elf/4.1.2/mno-hw-mul\libgcc.a(_ge_df.o)
                0x00010ca4                __gedf2
 .text          0x00010d2c       0xd8 f:/altera/nios2eds/bin/gnu/h-i686-mingw32/bin/../lib/gcc/nios2-elf/4.1.2/mno-hw-mul\libgcc.a(_df_to_si.o)
                0x00010d2c                __fixdfsi
 .text          0x00010e04        0x0 f:/altera/nios2eds/bin/gnu/h-i686-mingw32/bin/../lib/gcc/nios2-elf/4.1.2/mno-hw-mul\libgcc.a(_thenan_df.o)
 .text          0x00010e04      0x194 f:/altera/nios2eds/bin/gnu/h-i686-mingw32/bin/../lib/gcc/nios2-elf/4.1.2/mno-hw-mul\libgcc.a(_usi_to_df.o)
                0x00010e04                __floatunsidf
 .text          0x00010f98      0x124 f:/altera/nios2eds/bin/gnu/h-i686-mingw32/bin/../lib/gcc/nios2-elf/4.1.2/mno-hw-mul\libgcc.a(_muldi3.o)
                0x00010f98                __muldi3
 .text          0x000110bc       0x80 f:/altera/nios2eds/bin/gnu/h-i686-mingw32/bin/../lib/gcc/nios2-elf/4.1.2/mno-hw-mul\libgcc.a(_clzsi2.o)
                0x000110bc                __clzsi2
 .text          0x0001113c      0x314 f:/altera/nios2eds/bin/gnu/h-i686-mingw32/bin/../lib/gcc/nios2-elf/4.1.2/mno-hw-mul\libgcc.a(_pack_df.o)
                0x0001113c                __pack_d
 .text          0x00011450      0x138 f:/altera/nios2eds/bin/gnu/h-i686-mingw32/bin/../lib/gcc/nios2-elf/4.1.2/mno-hw-mul\libgcc.a(_unpack_df.o)
                0x00011450                __unpack_d
 .text          0x00011588       0xc8 f:/altera/nios2eds/bin/gnu/h-i686-mingw32/bin/../lib/gcc/nios2-elf/4.1.2/mno-hw-mul\libgcc.a(_fpcmp_parts_df.o)
                0x00011588                __fpcmp_parts_d
 .text          0x00011650       0x38 f:/altera/nios2eds/bin/gnu/h-i686-mingw32/bin/../lib/gcc/nios2-elf/4.1.2/mno-hw-mul\libgcc.a(lib2-mul.o)
                0x00011650                __mulsi3
 .text          0x00011688        0x0 f:/altera/nios2eds/bin/gnu/h-i686-mingw32/bin/../lib/gcc/nios2-elf/4.1.2/mno-hw-mul\libgcc.a(_clz.o)
 .text          0x00011688       0x90 ../Hello_World_bsp/\libhal_bsp.a(alt_alarm_start.o)
                0x00011688                alt_alarm_start
 .text          0x00011718       0x8c ../Hello_World_bsp/\libhal_bsp.a(alt_load.o)
                0x00011738                alt_load
 .text          0x000117a4       0x2c ../Hello_World_bsp/\libhal_bsp.a(alt_main.o)
                0x000117a4                alt_main
 .text          0x000117d0       0x38 ../Hello_World_bsp/\libhal_bsp.a(alt_putstr.o)
                0x000117d0                alt_putstr
 .text          0x00011808       0xe0 ../Hello_World_bsp/\libhal_bsp.a(alt_tick.o)
                0x00011808                alt_alarm_stop
                0x0001183c                alt_tick
 .text          0x000118e8       0x38 ../Hello_World_bsp/\libhal_bsp.a(alt_sys_init.o)
                0x000118e8                alt_sys_init
                0x00011900                alt_irq_init
 .text          0x00011920       0x34 ../Hello_World_bsp/\libhal_bsp.a(altera_avalon_jtag_uart_write.o)
                0x00011920                altera_avalon_jtag_uart_write
 .text          0x00011954       0x8c ../Hello_World_bsp/\libhal_bsp.a(altera_avalon_timer_sc.o)
                0x00011954                alt_avalon_timer_sc_init
 .text          0x000119e0        0x4 ../Hello_World_bsp/\libhal_bsp.a(alt_dcache_flush_all.o)
                0x000119e0                alt_dcache_flush_all
 .text          0x000119e4        0x4 ../Hello_World_bsp/\libhal_bsp.a(alt_icache_flush_all.o)
                0x000119e4                alt_icache_flush_all
 .text          0x000119e8       0x9c ../Hello_World_bsp/\libhal_bsp.a(alt_iic.o)
                0x000119e8                alt_ic_irq_enabled
                0x00011a00                alt_ic_irq_enable
                0x00011a40                alt_ic_irq_disable
                0x00011a80                alt_ic_isr_register
 .text          0x00011a84       0x6c ../Hello_World_bsp/\libhal_bsp.a(alt_iic_isr_register.o)
                0x00011a84                alt_iic_isr_register
 .text          0x00011af0        0x0 ../Hello_World_bsp/\libhal_bsp.a(alt_irq_entry.o)
 .text          0x00011af0        0x0 ../Hello_World_bsp/\libhal_bsp.a(alt_irq_handler.o)
 .text          0x00011af0        0x0 ../Hello_World_bsp/\libhal_bsp.a(alt_irq_vars.o)
 .text          0x00011af0        0x8 ../Hello_World_bsp/\libhal_bsp.a(altera_nios2_qsys_irq.o)
                0x00011af0                altera_nios2_qsys_irq_init
 .text          0x00011af8        0x0 ../Hello_World_bsp/\libhal_bsp.a(alt_exception_entry.o)
 .text          0x00011af8       0x20 f:/altera/nios2eds/bin/gnu/h-i686-mingw32/bin/../lib/gcc/nios2-elf/4.1.2/../../../../nios2-elf/lib/mno-hw-mul\libsmallc.a(lib_a-strlen.o)
                0x00011af8                strlen
 *(.gnu.warning.*)
 *(.fini)
                0x00011b18                PROVIDE (__etext, ABSOLUTE (.))
                0x00011b18                PROVIDE (_etext, ABSOLUTE (.))
                0x00011b18                PROVIDE (etext, ABSOLUTE (.))
 *(.eh_frame_hdr)
                0x00011b18                . = ALIGN (0x4)
                0x00011b18                PROVIDE (__preinit_array_start, ABSOLUTE (.))
 *(.preinit_array)
                0x00011b18                PROVIDE (__preinit_array_end, ABSOLUTE (.))
                0x00011b18                PROVIDE (__init_array_start, ABSOLUTE (.))
 *(.init_array)
                0x00011b18                PROVIDE (__init_array_end, ABSOLUTE (.))
                0x00011b18                PROVIDE (__fini_array_start, ABSOLUTE (.))
 *(.fini_array)
                0x00011b18                PROVIDE (__fini_array_end, ABSOLUTE (.))
 *(.eh_frame)
 *(.gcc_except_table)
 *(.dynamic)
                0x00011b18                PROVIDE (__CTOR_LIST__, ABSOLUTE (.))
 *(.ctors)
 *(SORT(.ctors.*))
                0x00011b18                PROVIDE (__CTOR_END__, ABSOLUTE (.))
                0x00011b18                PROVIDE (__DTOR_LIST__, ABSOLUTE (.))
 *(.dtors)
 *(SORT(.dtors.*))
                0x00011b18                PROVIDE (__DTOR_END__, ABSOLUTE (.))
 *(.jcr)
                0x00011b18                . = ALIGN (0x4)

.rodata         0x00011b18      0x134
                0x00011b18                PROVIDE (__ram_rodata_start, ABSOLUTE (.))
                0x00011b18                . = ALIGN (0x4)
 *(.rodata .rodata.* .gnu.linkonce.r.*)
 .rodata.str1.4
                0x00011b18       0x20 obj/default/hello_world_small.o
 .rodata        0x00011b38       0x14 f:/altera/nios2eds/bin/gnu/h-i686-mingw32/bin/../lib/gcc/nios2-elf/4.1.2/mno-hw-mul\libgcc.a(_thenan_df.o)
                0x00011b38                __thenan_df
 .rodata        0x00011b4c      0x100 f:/altera/nios2eds/bin/gnu/h-i686-mingw32/bin/../lib/gcc/nios2-elf/4.1.2/mno-hw-mul\libgcc.a(_clz.o)
                0x00011b4c                __clz_tab
 *(.rodata1)
                0x00011c4c                . = ALIGN (0x4)
                0x00011c4c                PROVIDE (__ram_rodata_end, ABSOLUTE (.))
                0x00011b18                PROVIDE (__flash_rodata_start, LOADADDR (.rodata))

.rwdata         0x00011c4c       0x14 load address 0x00011c60
                0x00011c4c                PROVIDE (__ram_rwdata_start, ABSOLUTE (.))
                0x00011c4c                . = ALIGN (0x4)
 *(.got.plt)
 *(.got)
 *(.data1)
 *(.data .data.* .gnu.linkonce.d.*)
 .data          0x00011c4c        0x0 ../Hello_World_bsp//obj/HAL/src/crt0.o
 .data          0x00011c4c        0x0 obj/default/hello_world_small.o
 .data          0x00011c4c        0x0 f:/altera/nios2eds/bin/gnu/h-i686-mingw32/bin/../lib/gcc/nios2-elf/4.1.2/mno-hw-mul\libgcc.a(_fixunsdfsi.o)
 .data          0x00011c4c        0x0 f:/altera/nios2eds/bin/gnu/h-i686-mingw32/bin/../lib/gcc/nios2-elf/4.1.2/mno-hw-mul\libgcc.a(_addsub_df.o)
 .data          0x00011c4c        0x0 f:/altera/nios2eds/bin/gnu/h-i686-mingw32/bin/../lib/gcc/nios2-elf/4.1.2/mno-hw-mul\libgcc.a(_mul_df.o)
 .data          0x00011c4c        0x0 f:/altera/nios2eds/bin/gnu/h-i686-mingw32/bin/../lib/gcc/nios2-elf/4.1.2/mno-hw-mul\libgcc.a(_ge_df.o)
 .data          0x00011c4c        0x0 f:/altera/nios2eds/bin/gnu/h-i686-mingw32/bin/../lib/gcc/nios2-elf/4.1.2/mno-hw-mul\libgcc.a(_df_to_si.o)
 .data          0x00011c4c        0x0 f:/altera/nios2eds/bin/gnu/h-i686-mingw32/bin/../lib/gcc/nios2-elf/4.1.2/mno-hw-mul\libgcc.a(_thenan_df.o)
 .data          0x00011c4c        0x0 f:/altera/nios2eds/bin/gnu/h-i686-mingw32/bin/../lib/gcc/nios2-elf/4.1.2/mno-hw-mul\libgcc.a(_usi_to_df.o)
 .data          0x00011c4c        0x0 f:/altera/nios2eds/bin/gnu/h-i686-mingw32/bin/../lib/gcc/nios2-elf/4.1.2/mno-hw-mul\libgcc.a(_muldi3.o)
 .data          0x00011c4c        0x0 f:/altera/nios2eds/bin/gnu/h-i686-mingw32/bin/../lib/gcc/nios2-elf/4.1.2/mno-hw-mul\libgcc.a(_clzsi2.o)
 .data          0x00011c4c        0x0 f:/altera/nios2eds/bin/gnu/h-i686-mingw32/bin/../lib/gcc/nios2-elf/4.1.2/mno-hw-mul\libgcc.a(_pack_df.o)
 .data          0x00011c4c        0x0 f:/altera/nios2eds/bin/gnu/h-i686-mingw32/bin/../lib/gcc/nios2-elf/4.1.2/mno-hw-mul\libgcc.a(_unpack_df.o)
 .data          0x00011c4c        0x0 f:/altera/nios2eds/bin/gnu/h-i686-mingw32/bin/../lib/gcc/nios2-elf/4.1.2/mno-hw-mul\libgcc.a(_fpcmp_parts_df.o)
 .data          0x00011c4c        0x0 f:/altera/nios2eds/bin/gnu/h-i686-mingw32/bin/../lib/gcc/nios2-elf/4.1.2/mno-hw-mul\libgcc.a(lib2-mul.o)
 .data          0x00011c4c        0x0 f:/altera/nios2eds/bin/gnu/h-i686-mingw32/bin/../lib/gcc/nios2-elf/4.1.2/mno-hw-mul\libgcc.a(_clz.o)
 .data          0x00011c4c        0x0 ../Hello_World_bsp/\libhal_bsp.a(alt_alarm_start.o)
 .data          0x00011c4c        0x0 ../Hello_World_bsp/\libhal_bsp.a(alt_load.o)
 .data          0x00011c4c        0x0 ../Hello_World_bsp/\libhal_bsp.a(alt_main.o)
 .data          0x00011c4c        0x0 ../Hello_World_bsp/\libhal_bsp.a(alt_putstr.o)
 .data          0x00011c4c        0x0 ../Hello_World_bsp/\libhal_bsp.a(alt_tick.o)
 .data          0x00011c4c        0x0 ../Hello_World_bsp/\libhal_bsp.a(alt_sys_init.o)
 .data          0x00011c4c        0x0 ../Hello_World_bsp/\libhal_bsp.a(altera_avalon_jtag_uart_write.o)
 .data          0x00011c4c        0x0 ../Hello_World_bsp/\libhal_bsp.a(altera_avalon_timer_sc.o)
 .data          0x00011c4c        0x0 ../Hello_World_bsp/\libhal_bsp.a(alt_dcache_flush_all.o)
 .data          0x00011c4c        0x0 ../Hello_World_bsp/\libhal_bsp.a(alt_icache_flush_all.o)
 .data          0x00011c4c        0x0 ../Hello_World_bsp/\libhal_bsp.a(alt_iic.o)
 .data          0x00011c4c        0x0 ../Hello_World_bsp/\libhal_bsp.a(alt_iic_isr_register.o)
 .data          0x00011c4c        0x0 ../Hello_World_bsp/\libhal_bsp.a(alt_irq_entry.o)
 .data          0x00011c4c        0x0 ../Hello_World_bsp/\libhal_bsp.a(alt_irq_handler.o)
 .data          0x00011c4c        0x0 ../Hello_World_bsp/\libhal_bsp.a(alt_irq_vars.o)
 .data          0x00011c4c        0x0 ../Hello_World_bsp/\libhal_bsp.a(altera_nios2_qsys_irq.o)
 .data          0x00011c4c        0x0 ../Hello_World_bsp/\libhal_bsp.a(alt_exception_entry.o)
 .data          0x00011c4c        0x0 f:/altera/nios2eds/bin/gnu/h-i686-mingw32/bin/../lib/gcc/nios2-elf/4.1.2/../../../../nios2-elf/lib/mno-hw-mul\libsmallc.a(lib_a-strlen.o)
                0x00019c4c                _gp = ABSOLUTE ((. + 0x8000))
                0x00019c4c                PROVIDE (gp, _gp)
 *(.rwdata .rwdata.*)
 *(.sdata .sdata.* .gnu.linkonce.s.*)
 .sdata         0x00011c4c        0x4 obj/default/hello_world_small.o
 .sdata         0x00011c50        0x8 ../Hello_World_bsp/\libhal_bsp.a(alt_tick.o)
                0x00011c50                alt_alarm_list
 .sdata         0x00011c58        0x4 ../Hello_World_bsp/\libhal_bsp.a(alt_sys_init.o)
                0x00011c58                jtag_uart
 .sdata         0x00011c5c        0x4 ../Hello_World_bsp/\libhal_bsp.a(alt_irq_vars.o)
                0x00011c5c                alt_priority_mask
 *(.sdata2 .sdata2.* .gnu.linkonce.s2.*)
                0x00011c60                . = ALIGN (0x4)
                0x00011c60                _edata = ABSOLUTE (.)
                0x00011c60                PROVIDE (edata, ABSOLUTE (.))
                0x00011c60                PROVIDE (__ram_rwdata_end, ABSOLUTE (.))
                0x00011c60                PROVIDE (__flash_rwdata_start, LOADADDR (.rwdata))

.bss            0x00011c74      0x13c
                0x00011c74                __bss_start = ABSOLUTE (.)
                0x00011c74                PROVIDE (__sbss_start, ABSOLUTE (.))
                0x00011c74                PROVIDE (___sbss_start, ABSOLUTE (.))
 *(.dynsbss)
 *(.sbss .sbss.* .gnu.linkonce.sb.*)
 .sbss          0x00011c74        0x5 obj/default/hello_world_small.o
 *fill*         0x00011c79        0x3 00
 .sbss          0x00011c7c        0x4 obj/default/hello_world_small.o
                0x00011c7c                max_f1
 .sbss          0x00011c80        0xc ../Hello_World_bsp/\libhal_bsp.a(alt_main.o)
                0x00011c80                alt_argc
                0x00011c84                alt_argv
                0x00011c88                alt_envp
 .sbss          0x00011c8c        0x8 ../Hello_World_bsp/\libhal_bsp.a(alt_tick.o)
                0x00011c8c                _alt_tick_rate
                0x00011c90                _alt_nticks
 .sbss          0x00011c94        0x4 ../Hello_World_bsp/\libhal_bsp.a(alt_irq_vars.o)
                0x00011c94                alt_irq_active
 *(.sbss2 .sbss2.* .gnu.linkonce.sb2.*)
 *(.scommon)
                0x00011c98                PROVIDE (__sbss_end, ABSOLUTE (.))
                0x00011c98                PROVIDE (___sbss_end, ABSOLUTE (.))
 *(.dynbss)
 *(.bss .bss.* .gnu.linkonce.b.*)
 .bss           0x00011c98        0x0 ../Hello_World_bsp//obj/HAL/src/crt0.o
 .bss           0x00011c98        0x0 obj/default/hello_world_small.o
 .bss           0x00011c98        0x0 f:/altera/nios2eds/bin/gnu/h-i686-mingw32/bin/../lib/gcc/nios2-elf/4.1.2/mno-hw-mul\libgcc.a(_fixunsdfsi.o)
 .bss           0x00011c98        0x0 f:/altera/nios2eds/bin/gnu/h-i686-mingw32/bin/../lib/gcc/nios2-elf/4.1.2/mno-hw-mul\libgcc.a(_addsub_df.o)
 .bss           0x00011c98        0x0 f:/altera/nios2eds/bin/gnu/h-i686-mingw32/bin/../lib/gcc/nios2-elf/4.1.2/mno-hw-mul\libgcc.a(_mul_df.o)
 .bss           0x00011c98        0x0 f:/altera/nios2eds/bin/gnu/h-i686-mingw32/bin/../lib/gcc/nios2-elf/4.1.2/mno-hw-mul\libgcc.a(_ge_df.o)
 .bss           0x00011c98        0x0 f:/altera/nios2eds/bin/gnu/h-i686-mingw32/bin/../lib/gcc/nios2-elf/4.1.2/mno-hw-mul\libgcc.a(_df_to_si.o)
 .bss           0x00011c98        0x0 f:/altera/nios2eds/bin/gnu/h-i686-mingw32/bin/../lib/gcc/nios2-elf/4.1.2/mno-hw-mul\libgcc.a(_thenan_df.o)
 .bss           0x00011c98        0x0 f:/altera/nios2eds/bin/gnu/h-i686-mingw32/bin/../lib/gcc/nios2-elf/4.1.2/mno-hw-mul\libgcc.a(_usi_to_df.o)
 .bss           0x00011c98        0x0 f:/altera/nios2eds/bin/gnu/h-i686-mingw32/bin/../lib/gcc/nios2-elf/4.1.2/mno-hw-mul\libgcc.a(_muldi3.o)
 .bss           0x00011c98        0x0 f:/altera/nios2eds/bin/gnu/h-i686-mingw32/bin/../lib/gcc/nios2-elf/4.1.2/mno-hw-mul\libgcc.a(_clzsi2.o)
 .bss           0x00011c98        0x0 f:/altera/nios2eds/bin/gnu/h-i686-mingw32/bin/../lib/gcc/nios2-elf/4.1.2/mno-hw-mul\libgcc.a(_pack_df.o)
 .bss           0x00011c98        0x0 f:/altera/nios2eds/bin/gnu/h-i686-mingw32/bin/../lib/gcc/nios2-elf/4.1.2/mno-hw-mul\libgcc.a(_unpack_df.o)
 .bss           0x00011c98        0x0 f:/altera/nios2eds/bin/gnu/h-i686-mingw32/bin/../lib/gcc/nios2-elf/4.1.2/mno-hw-mul\libgcc.a(_fpcmp_parts_df.o)
 .bss           0x00011c98        0x0 f:/altera/nios2eds/bin/gnu/h-i686-mingw32/bin/../lib/gcc/nios2-elf/4.1.2/mno-hw-mul\libgcc.a(lib2-mul.o)
 .bss           0x00011c98        0x0 f:/altera/nios2eds/bin/gnu/h-i686-mingw32/bin/../lib/gcc/nios2-elf/4.1.2/mno-hw-mul\libgcc.a(_clz.o)
 .bss           0x00011c98        0x0 ../Hello_World_bsp/\libhal_bsp.a(alt_alarm_start.o)
 .bss           0x00011c98        0x0 ../Hello_World_bsp/\libhal_bsp.a(alt_load.o)
 .bss           0x00011c98        0x0 ../Hello_World_bsp/\libhal_bsp.a(alt_main.o)
 .bss           0x00011c98        0x0 ../Hello_World_bsp/\libhal_bsp.a(alt_putstr.o)
 .bss           0x00011c98        0x0 ../Hello_World_bsp/\libhal_bsp.a(alt_tick.o)
 .bss           0x00011c98        0x0 ../Hello_World_bsp/\libhal_bsp.a(alt_sys_init.o)
 .bss           0x00011c98        0x0 ../Hello_World_bsp/\libhal_bsp.a(altera_avalon_jtag_uart_write.o)
 .bss           0x00011c98        0x0 ../Hello_World_bsp/\libhal_bsp.a(altera_avalon_timer_sc.o)
 .bss           0x00011c98        0x0 ../Hello_World_bsp/\libhal_bsp.a(alt_dcache_flush_all.o)
 .bss           0x00011c98        0x0 ../Hello_World_bsp/\libhal_bsp.a(alt_icache_flush_all.o)
 .bss           0x00011c98        0x0 ../Hello_World_bsp/\libhal_bsp.a(alt_iic.o)
 .bss           0x00011c98        0x0 ../Hello_World_bsp/\libhal_bsp.a(alt_iic_isr_register.o)
 .bss           0x00011c98        0x0 ../Hello_World_bsp/\libhal_bsp.a(alt_irq_entry.o)
 .bss           0x00011c98        0x0 ../Hello_World_bsp/\libhal_bsp.a(alt_irq_handler.o)
 .bss           0x00011c98        0x0 ../Hello_World_bsp/\libhal_bsp.a(alt_irq_vars.o)
 .bss           0x00011c98        0x0 ../Hello_World_bsp/\libhal_bsp.a(altera_nios2_qsys_irq.o)
 .bss           0x00011c98        0x0 ../Hello_World_bsp/\libhal_bsp.a(alt_exception_entry.o)
 .bss           0x00011c98        0x0 f:/altera/nios2eds/bin/gnu/h-i686-mingw32/bin/../lib/gcc/nios2-elf/4.1.2/../../../../nios2-elf/lib/mno-hw-mul\libsmallc.a(lib_a-strlen.o)
 *(COMMON)
 COMMON         0x00011c98       0x18 obj/default/hello_world_small.o
                0x00011c98                cont_f1
 COMMON         0x00011cb0      0x100 ../Hello_World_bsp/\libhal_bsp.a(alt_irq_handler.o)
                0x00011cb0                alt_irq
                0x00011db0                . = ALIGN (0x4)
                0x00011db0                __bss_end = ABSOLUTE (.)

.onchip_memory2
                0x00011db0        0x0
                0x00011db0                PROVIDE (_alt_partition_onchip_memory2_start, ABSOLUTE (.))
 *(.onchip_memory2. onchip_memory2.*)
                0x00011db0                . = ALIGN (0x4)
                0x00011db0                PROVIDE (_alt_partition_onchip_memory2_end, ABSOLUTE (.))
                0x00011db0                _end = ABSOLUTE (.)
                0x00011db0                end = ABSOLUTE (.)
                0x00011db0                __alt_stack_base = ABSOLUTE (.)
                0x00011db0                PROVIDE (_alt_partition_onchip_memory2_load_addr, LOADADDR (.onchip_memory2))

.stab
 *(.stab)

.stabstr
 *(.stabstr)

.stab.excl
 *(.stab.excl)

.stab.exclstr
 *(.stab.exclstr)

.stab.index
 *(.stab.index)

.stab.indexstr
 *(.stab.indexstr)

.comment        0x00000000       0x26
 *(.comment)
 .comment       0x00000000       0x26 obj/default/hello_world_small.o
                                 0x27 (size before relaxing)
 .comment       0x00000000       0x27 f:/altera/nios2eds/bin/gnu/h-i686-mingw32/bin/../lib/gcc/nios2-elf/4.1.2/mno-hw-mul\libgcc.a(_fixunsdfsi.o)
 .comment       0x00000000       0x27 f:/altera/nios2eds/bin/gnu/h-i686-mingw32/bin/../lib/gcc/nios2-elf/4.1.2/mno-hw-mul\libgcc.a(_addsub_df.o)
 .comment       0x00000000       0x27 f:/altera/nios2eds/bin/gnu/h-i686-mingw32/bin/../lib/gcc/nios2-elf/4.1.2/mno-hw-mul\libgcc.a(_mul_df.o)
 .comment       0x00000000       0x27 f:/altera/nios2eds/bin/gnu/h-i686-mingw32/bin/../lib/gcc/nios2-elf/4.1.2/mno-hw-mul\libgcc.a(_ge_df.o)
 .comment       0x00000000       0x27 f:/altera/nios2eds/bin/gnu/h-i686-mingw32/bin/../lib/gcc/nios2-elf/4.1.2/mno-hw-mul\libgcc.a(_df_to_si.o)
 .comment       0x00000000       0x27 f:/altera/nios2eds/bin/gnu/h-i686-mingw32/bin/../lib/gcc/nios2-elf/4.1.2/mno-hw-mul\libgcc.a(_thenan_df.o)
 .comment       0x00000000       0x27 f:/altera/nios2eds/bin/gnu/h-i686-mingw32/bin/../lib/gcc/nios2-elf/4.1.2/mno-hw-mul\libgcc.a(_usi_to_df.o)
 .comment       0x00000000       0x27 f:/altera/nios2eds/bin/gnu/h-i686-mingw32/bin/../lib/gcc/nios2-elf/4.1.2/mno-hw-mul\libgcc.a(_muldi3.o)
 .comment       0x00000000       0x27 f:/altera/nios2eds/bin/gnu/h-i686-mingw32/bin/../lib/gcc/nios2-elf/4.1.2/mno-hw-mul\libgcc.a(_clzsi2.o)
 .comment       0x00000000       0x27 f:/altera/nios2eds/bin/gnu/h-i686-mingw32/bin/../lib/gcc/nios2-elf/4.1.2/mno-hw-mul\libgcc.a(_pack_df.o)
 .comment       0x00000000       0x27 f:/altera/nios2eds/bin/gnu/h-i686-mingw32/bin/../lib/gcc/nios2-elf/4.1.2/mno-hw-mul\libgcc.a(_unpack_df.o)
 .comment       0x00000000       0x27 f:/altera/nios2eds/bin/gnu/h-i686-mingw32/bin/../lib/gcc/nios2-elf/4.1.2/mno-hw-mul\libgcc.a(_fpcmp_parts_df.o)
 .comment       0x00000000       0x27 f:/altera/nios2eds/bin/gnu/h-i686-mingw32/bin/../lib/gcc/nios2-elf/4.1.2/mno-hw-mul\libgcc.a(lib2-mul.o)
 .comment       0x00000000       0x27 f:/altera/nios2eds/bin/gnu/h-i686-mingw32/bin/../lib/gcc/nios2-elf/4.1.2/mno-hw-mul\libgcc.a(_clz.o)
 .comment       0x00000000       0x27 ../Hello_World_bsp/\libhal_bsp.a(alt_alarm_start.o)
 .comment       0x00000000       0x27 ../Hello_World_bsp/\libhal_bsp.a(alt_load.o)
 .comment       0x00000000       0x27 ../Hello_World_bsp/\libhal_bsp.a(alt_main.o)
 .comment       0x00000000       0x27 ../Hello_World_bsp/\libhal_bsp.a(alt_putstr.o)
 .comment       0x00000000       0x27 ../Hello_World_bsp/\libhal_bsp.a(alt_tick.o)
 .comment       0x00000000       0x27 ../Hello_World_bsp/\libhal_bsp.a(alt_sys_init.o)
 .comment       0x00000000       0x27 ../Hello_World_bsp/\libhal_bsp.a(altera_avalon_jtag_uart_write.o)
 .comment       0x00000000       0x27 ../Hello_World_bsp/\libhal_bsp.a(altera_avalon_timer_sc.o)
 .comment       0x00000000       0x27 ../Hello_World_bsp/\libhal_bsp.a(alt_dcache_flush_all.o)
 .comment       0x00000000       0x27 ../Hello_World_bsp/\libhal_bsp.a(alt_icache_flush_all.o)
 .comment       0x00000000       0x27 ../Hello_World_bsp/\libhal_bsp.a(alt_iic.o)
 .comment       0x00000000       0x27 ../Hello_World_bsp/\libhal_bsp.a(alt_iic_isr_register.o)
 .comment       0x00000000       0x27 ../Hello_World_bsp/\libhal_bsp.a(alt_irq_handler.o)
 .comment       0x00000000       0x27 ../Hello_World_bsp/\libhal_bsp.a(alt_irq_vars.o)
 .comment       0x00000000       0x27 ../Hello_World_bsp/\libhal_bsp.a(altera_nios2_qsys_irq.o)
 .comment       0x00000000       0x27 f:/altera/nios2eds/bin/gnu/h-i686-mingw32/bin/../lib/gcc/nios2-elf/4.1.2/../../../../nios2-elf/lib/mno-hw-mul\libsmallc.a(lib_a-strlen.o)

.debug
 *(.debug)

.line
 *(.line)

.debug_srcinfo
 *(.debug_srcinfo)

.debug_sfnames
 *(.debug_sfnames)

.debug_aranges  0x00000000      0x418
 *(.debug_aranges)
 .debug_aranges
                0x00000000       0x28 ../Hello_World_bsp//obj/HAL/src/crt0.o
 .debug_aranges
                0x00000028       0x20 obj/default/hello_world_small.o
 .debug_aranges
                0x00000048       0x20 f:/altera/nios2eds/bin/gnu/h-i686-mingw32/bin/../lib/gcc/nios2-elf/4.1.2/mno-hw-mul\libgcc.a(_fixunsdfsi.o)
 .debug_aranges
                0x00000068       0x20 f:/altera/nios2eds/bin/gnu/h-i686-mingw32/bin/../lib/gcc/nios2-elf/4.1.2/mno-hw-mul\libgcc.a(_addsub_df.o)
 .debug_aranges
                0x00000088       0x20 f:/altera/nios2eds/bin/gnu/h-i686-mingw32/bin/../lib/gcc/nios2-elf/4.1.2/mno-hw-mul\libgcc.a(_mul_df.o)
 .debug_aranges
                0x000000a8       0x20 f:/altera/nios2eds/bin/gnu/h-i686-mingw32/bin/../lib/gcc/nios2-elf/4.1.2/mno-hw-mul\libgcc.a(_ge_df.o)
 .debug_aranges
                0x000000c8       0x20 f:/altera/nios2eds/bin/gnu/h-i686-mingw32/bin/../lib/gcc/nios2-elf/4.1.2/mno-hw-mul\libgcc.a(_df_to_si.o)
 .debug_aranges
                0x000000e8       0x20 f:/altera/nios2eds/bin/gnu/h-i686-mingw32/bin/../lib/gcc/nios2-elf/4.1.2/mno-hw-mul\libgcc.a(_usi_to_df.o)
 .debug_aranges
                0x00000108       0x20 f:/altera/nios2eds/bin/gnu/h-i686-mingw32/bin/../lib/gcc/nios2-elf/4.1.2/mno-hw-mul\libgcc.a(_muldi3.o)
 .debug_aranges
                0x00000128       0x20 f:/altera/nios2eds/bin/gnu/h-i686-mingw32/bin/../lib/gcc/nios2-elf/4.1.2/mno-hw-mul\libgcc.a(_clzsi2.o)
 .debug_aranges
                0x00000148       0x20 f:/altera/nios2eds/bin/gnu/h-i686-mingw32/bin/../lib/gcc/nios2-elf/4.1.2/mno-hw-mul\libgcc.a(_pack_df.o)
 .debug_aranges
                0x00000168       0x20 f:/altera/nios2eds/bin/gnu/h-i686-mingw32/bin/../lib/gcc/nios2-elf/4.1.2/mno-hw-mul\libgcc.a(_unpack_df.o)
 .debug_aranges
                0x00000188       0x20 f:/altera/nios2eds/bin/gnu/h-i686-mingw32/bin/../lib/gcc/nios2-elf/4.1.2/mno-hw-mul\libgcc.a(_fpcmp_parts_df.o)
 .debug_aranges
                0x000001a8       0x20 f:/altera/nios2eds/bin/gnu/h-i686-mingw32/bin/../lib/gcc/nios2-elf/4.1.2/mno-hw-mul\libgcc.a(lib2-mul.o)
 .debug_aranges
                0x000001c8       0x20 ../Hello_World_bsp/\libhal_bsp.a(alt_alarm_start.o)
 .debug_aranges
                0x000001e8       0x20 ../Hello_World_bsp/\libhal_bsp.a(alt_load.o)
 .debug_aranges
                0x00000208       0x20 ../Hello_World_bsp/\libhal_bsp.a(alt_main.o)
 .debug_aranges
                0x00000228       0x20 ../Hello_World_bsp/\libhal_bsp.a(alt_putstr.o)
 .debug_aranges
                0x00000248       0x20 ../Hello_World_bsp/\libhal_bsp.a(alt_tick.o)
 .debug_aranges
                0x00000268       0x20 ../Hello_World_bsp/\libhal_bsp.a(alt_sys_init.o)
 .debug_aranges
                0x00000288       0x20 ../Hello_World_bsp/\libhal_bsp.a(altera_avalon_jtag_uart_write.o)
 .debug_aranges
                0x000002a8       0x20 ../Hello_World_bsp/\libhal_bsp.a(altera_avalon_timer_sc.o)
 .debug_aranges
                0x000002c8       0x20 ../Hello_World_bsp/\libhal_bsp.a(alt_dcache_flush_all.o)
 .debug_aranges
                0x000002e8       0x20 ../Hello_World_bsp/\libhal_bsp.a(alt_icache_flush_all.o)
 .debug_aranges
                0x00000308       0x20 ../Hello_World_bsp/\libhal_bsp.a(alt_iic.o)
 .debug_aranges
                0x00000328       0x20 ../Hello_World_bsp/\libhal_bsp.a(alt_iic_isr_register.o)
 .debug_aranges
                0x00000348       0x30 ../Hello_World_bsp/\libhal_bsp.a(alt_irq_entry.o)
 .debug_aranges
                0x00000378       0x28 ../Hello_World_bsp/\libhal_bsp.a(alt_irq_handler.o)
 .debug_aranges
                0x000003a0       0x20 ../Hello_World_bsp/\libhal_bsp.a(altera_nios2_qsys_irq.o)
 .debug_aranges
                0x000003c0       0x38 ../Hello_World_bsp/\libhal_bsp.a(alt_exception_entry.o)
 .debug_aranges
                0x000003f8       0x20 f:/altera/nios2eds/bin/gnu/h-i686-mingw32/bin/../lib/gcc/nios2-elf/4.1.2/../../../../nios2-elf/lib/mno-hw-mul\libsmallc.a(lib_a-strlen.o)

.debug_pubnames
                0x00000000      0x59b
 *(.debug_pubnames)
 .debug_pubnames
                0x00000000       0x63 obj/default/hello_world_small.o
 .debug_pubnames
                0x00000063       0x23 f:/altera/nios2eds/bin/gnu/h-i686-mingw32/bin/../lib/gcc/nios2-elf/4.1.2/mno-hw-mul\libgcc.a(_fixunsdfsi.o)
 .debug_pubnames
                0x00000086       0x2c f:/altera/nios2eds/bin/gnu/h-i686-mingw32/bin/../lib/gcc/nios2-elf/4.1.2/mno-hw-mul\libgcc.a(_addsub_df.o)
 .debug_pubnames
                0x000000b2       0x1f f:/altera/nios2eds/bin/gnu/h-i686-mingw32/bin/../lib/gcc/nios2-elf/4.1.2/mno-hw-mul\libgcc.a(_mul_df.o)
 .debug_pubnames
                0x000000d1       0x1e f:/altera/nios2eds/bin/gnu/h-i686-mingw32/bin/../lib/gcc/nios2-elf/4.1.2/mno-hw-mul\libgcc.a(_ge_df.o)
 .debug_pubnames
                0x000000ef       0x20 f:/altera/nios2eds/bin/gnu/h-i686-mingw32/bin/../lib/gcc/nios2-elf/4.1.2/mno-hw-mul\libgcc.a(_df_to_si.o)
 .debug_pubnames
                0x0000010f       0x22 f:/altera/nios2eds/bin/gnu/h-i686-mingw32/bin/../lib/gcc/nios2-elf/4.1.2/mno-hw-mul\libgcc.a(_thenan_df.o)
 .debug_pubnames
                0x00000131       0x24 f:/altera/nios2eds/bin/gnu/h-i686-mingw32/bin/../lib/gcc/nios2-elf/4.1.2/mno-hw-mul\libgcc.a(_usi_to_df.o)
 .debug_pubnames
                0x00000155       0x1f f:/altera/nios2eds/bin/gnu/h-i686-mingw32/bin/../lib/gcc/nios2-elf/4.1.2/mno-hw-mul\libgcc.a(_muldi3.o)
 .debug_pubnames
                0x00000174       0x1f f:/altera/nios2eds/bin/gnu/h-i686-mingw32/bin/../lib/gcc/nios2-elf/4.1.2/mno-hw-mul\libgcc.a(_clzsi2.o)
 .debug_pubnames
                0x00000193       0x1f f:/altera/nios2eds/bin/gnu/h-i686-mingw32/bin/../lib/gcc/nios2-elf/4.1.2/mno-hw-mul\libgcc.a(_pack_df.o)
 .debug_pubnames
                0x000001b2       0x21 f:/altera/nios2eds/bin/gnu/h-i686-mingw32/bin/../lib/gcc/nios2-elf/4.1.2/mno-hw-mul\libgcc.a(_unpack_df.o)
 .debug_pubnames
                0x000001d3       0x26 f:/altera/nios2eds/bin/gnu/h-i686-mingw32/bin/../lib/gcc/nios2-elf/4.1.2/mno-hw-mul\libgcc.a(_fpcmp_parts_df.o)
 .debug_pubnames
                0x000001f9       0x1f f:/altera/nios2eds/bin/gnu/h-i686-mingw32/bin/../lib/gcc/nios2-elf/4.1.2/mno-hw-mul\libgcc.a(lib2-mul.o)
 .debug_pubnames
                0x00000218       0x20 f:/altera/nios2eds/bin/gnu/h-i686-mingw32/bin/../lib/gcc/nios2-elf/4.1.2/mno-hw-mul\libgcc.a(_clz.o)
 .debug_pubnames
                0x00000238       0x26 ../Hello_World_bsp/\libhal_bsp.a(alt_alarm_start.o)
 .debug_pubnames
                0x0000025e       0x1f ../Hello_World_bsp/\libhal_bsp.a(alt_load.o)
 .debug_pubnames
                0x0000027d       0x46 ../Hello_World_bsp/\libhal_bsp.a(alt_main.o)
 .debug_pubnames
                0x000002c3       0x21 ../Hello_World_bsp/\libhal_bsp.a(alt_putstr.o)
 .debug_pubnames
                0x000002e4       0x68 ../Hello_World_bsp/\libhal_bsp.a(alt_tick.o)
 .debug_pubnames
                0x0000034c       0x42 ../Hello_World_bsp/\libhal_bsp.a(alt_sys_init.o)
 .debug_pubnames
                0x0000038e       0x34 ../Hello_World_bsp/\libhal_bsp.a(altera_avalon_jtag_uart_write.o)
 .debug_pubnames
                0x000003c2       0x2f ../Hello_World_bsp/\libhal_bsp.a(altera_avalon_timer_sc.o)
 .debug_pubnames
                0x000003f1       0x2b ../Hello_World_bsp/\libhal_bsp.a(alt_dcache_flush_all.o)
 .debug_pubnames
                0x0000041c       0x2b ../Hello_World_bsp/\libhal_bsp.a(alt_icache_flush_all.o)
 .debug_pubnames
                0x00000447       0x6e ../Hello_World_bsp/\libhal_bsp.a(alt_iic.o)
 .debug_pubnames
                0x000004b5       0x2b ../Hello_World_bsp/\libhal_bsp.a(alt_iic_isr_register.o)
 .debug_pubnames
                0x000004e0       0x32 ../Hello_World_bsp/\libhal_bsp.a(alt_irq_handler.o)
 .debug_pubnames
                0x00000512       0x3b ../Hello_World_bsp/\libhal_bsp.a(alt_irq_vars.o)
 .debug_pubnames
                0x0000054d       0x31 ../Hello_World_bsp/\libhal_bsp.a(altera_nios2_qsys_irq.o)
 .debug_pubnames
                0x0000057e       0x1d f:/altera/nios2eds/bin/gnu/h-i686-mingw32/bin/../lib/gcc/nios2-elf/4.1.2/../../../../nios2-elf/lib/mno-hw-mul\libsmallc.a(lib_a-strlen.o)

.debug_info     0x00000000     0x3ac7
 *(.debug_info .gnu.linkonce.wi.*)
 .debug_info    0x00000000       0x6d ../Hello_World_bsp//obj/HAL/src/crt0.o
 .debug_info    0x0000006d      0x2b4 obj/default/hello_world_small.o
 .debug_info    0x00000321       0xce f:/altera/nios2eds/bin/gnu/h-i686-mingw32/bin/../lib/gcc/nios2-elf/4.1.2/mno-hw-mul\libgcc.a(_fixunsdfsi.o)
 .debug_info    0x000003ef      0x493 f:/altera/nios2eds/bin/gnu/h-i686-mingw32/bin/../lib/gcc/nios2-elf/4.1.2/mno-hw-mul\libgcc.a(_addsub_df.o)
 .debug_info    0x00000882      0x488 f:/altera/nios2eds/bin/gnu/h-i686-mingw32/bin/../lib/gcc/nios2-elf/4.1.2/mno-hw-mul\libgcc.a(_mul_df.o)
 .debug_info    0x00000d0a      0x29d f:/altera/nios2eds/bin/gnu/h-i686-mingw32/bin/../lib/gcc/nios2-elf/4.1.2/mno-hw-mul\libgcc.a(_ge_df.o)
 .debug_info    0x00000fa7      0x2cd f:/altera/nios2eds/bin/gnu/h-i686-mingw32/bin/../lib/gcc/nios2-elf/4.1.2/mno-hw-mul\libgcc.a(_df_to_si.o)
 .debug_info    0x00001274      0x164 f:/altera/nios2eds/bin/gnu/h-i686-mingw32/bin/../lib/gcc/nios2-elf/4.1.2/mno-hw-mul\libgcc.a(_thenan_df.o)
 .debug_info    0x000013d8      0x213 f:/altera/nios2eds/bin/gnu/h-i686-mingw32/bin/../lib/gcc/nios2-elf/4.1.2/mno-hw-mul\libgcc.a(_usi_to_df.o)
 .debug_info    0x000015eb      0x210 f:/altera/nios2eds/bin/gnu/h-i686-mingw32/bin/../lib/gcc/nios2-elf/4.1.2/mno-hw-mul\libgcc.a(_muldi3.o)
 .debug_info    0x000017fb      0x130 f:/altera/nios2eds/bin/gnu/h-i686-mingw32/bin/../lib/gcc/nios2-elf/4.1.2/mno-hw-mul\libgcc.a(_clzsi2.o)
 .debug_info    0x0000192b      0x2fc f:/altera/nios2eds/bin/gnu/h-i686-mingw32/bin/../lib/gcc/nios2-elf/4.1.2/mno-hw-mul\libgcc.a(_pack_df.o)
 .debug_info    0x00001c27      0x268 f:/altera/nios2eds/bin/gnu/h-i686-mingw32/bin/../lib/gcc/nios2-elf/4.1.2/mno-hw-mul\libgcc.a(_unpack_df.o)
 .debug_info    0x00001e8f      0x21b f:/altera/nios2eds/bin/gnu/h-i686-mingw32/bin/../lib/gcc/nios2-elf/4.1.2/mno-hw-mul\libgcc.a(_fpcmp_parts_df.o)
 .debug_info    0x000020aa       0xf3 f:/altera/nios2eds/bin/gnu/h-i686-mingw32/bin/../lib/gcc/nios2-elf/4.1.2/mno-hw-mul\libgcc.a(lib2-mul.o)
 .debug_info    0x0000219d       0xc9 f:/altera/nios2eds/bin/gnu/h-i686-mingw32/bin/../lib/gcc/nios2-elf/4.1.2/mno-hw-mul\libgcc.a(_clz.o)
 .debug_info    0x00002266      0x2c4 ../Hello_World_bsp/\libhal_bsp.a(alt_alarm_start.o)
 .debug_info    0x0000252a      0x12e ../Hello_World_bsp/\libhal_bsp.a(alt_load.o)
 .debug_info    0x00002658      0x125 ../Hello_World_bsp/\libhal_bsp.a(alt_main.o)
 .debug_info    0x0000277d       0xc5 ../Hello_World_bsp/\libhal_bsp.a(alt_putstr.o)
 .debug_info    0x00002842      0x2a1 ../Hello_World_bsp/\libhal_bsp.a(alt_tick.o)
 .debug_info    0x00002ae3      0x199 ../Hello_World_bsp/\libhal_bsp.a(alt_sys_init.o)
 .debug_info    0x00002c7c      0x18f ../Hello_World_bsp/\libhal_bsp.a(altera_avalon_jtag_uart_write.o)
 .debug_info    0x00002e0b      0x221 ../Hello_World_bsp/\libhal_bsp.a(altera_avalon_timer_sc.o)
 .debug_info    0x0000302c       0x8d ../Hello_World_bsp/\libhal_bsp.a(alt_dcache_flush_all.o)
 .debug_info    0x000030b9       0x8d ../Hello_World_bsp/\libhal_bsp.a(alt_icache_flush_all.o)
 .debug_info    0x00003146      0x341 ../Hello_World_bsp/\libhal_bsp.a(alt_iic.o)
 .debug_info    0x00003487      0x1f2 ../Hello_World_bsp/\libhal_bsp.a(alt_iic_isr_register.o)
 .debug_info    0x00003679       0x76 ../Hello_World_bsp/\libhal_bsp.a(alt_irq_entry.o)
 .debug_info    0x000036ef      0x17b ../Hello_World_bsp/\libhal_bsp.a(alt_irq_handler.o)
 .debug_info    0x0000386a       0x92 ../Hello_World_bsp/\libhal_bsp.a(alt_irq_vars.o)
 .debug_info    0x000038fc       0x8d ../Hello_World_bsp/\libhal_bsp.a(altera_nios2_qsys_irq.o)
 .debug_info    0x00003989       0x7c ../Hello_World_bsp/\libhal_bsp.a(alt_exception_entry.o)
 .debug_info    0x00003a05       0xc2 f:/altera/nios2eds/bin/gnu/h-i686-mingw32/bin/../lib/gcc/nios2-elf/4.1.2/../../../../nios2-elf/lib/mno-hw-mul\libsmallc.a(lib_a-strlen.o)

.debug_abbrev   0x00000000     0x1e75
 *(.debug_abbrev)
 .debug_abbrev  0x00000000       0x12 ../Hello_World_bsp//obj/HAL/src/crt0.o
 .debug_abbrev  0x00000012      0x147 obj/default/hello_world_small.o
 .debug_abbrev  0x00000159       0x5d f:/altera/nios2eds/bin/gnu/h-i686-mingw32/bin/../lib/gcc/nios2-elf/4.1.2/mno-hw-mul\libgcc.a(_fixunsdfsi.o)
 .debug_abbrev  0x000001b6      0x1d2 f:/altera/nios2eds/bin/gnu/h-i686-mingw32/bin/../lib/gcc/nios2-elf/4.1.2/mno-hw-mul\libgcc.a(_addsub_df.o)
 .debug_abbrev  0x00000388      0x204 f:/altera/nios2eds/bin/gnu/h-i686-mingw32/bin/../lib/gcc/nios2-elf/4.1.2/mno-hw-mul\libgcc.a(_mul_df.o)
 .debug_abbrev  0x0000058c      0x151 f:/altera/nios2eds/bin/gnu/h-i686-mingw32/bin/../lib/gcc/nios2-elf/4.1.2/mno-hw-mul\libgcc.a(_ge_df.o)
 .debug_abbrev  0x000006dd      0x176 f:/altera/nios2eds/bin/gnu/h-i686-mingw32/bin/../lib/gcc/nios2-elf/4.1.2/mno-hw-mul\libgcc.a(_df_to_si.o)
 .debug_abbrev  0x00000853       0xba f:/altera/nios2eds/bin/gnu/h-i686-mingw32/bin/../lib/gcc/nios2-elf/4.1.2/mno-hw-mul\libgcc.a(_thenan_df.o)
 .debug_abbrev  0x0000090d      0x155 f:/altera/nios2eds/bin/gnu/h-i686-mingw32/bin/../lib/gcc/nios2-elf/4.1.2/mno-hw-mul\libgcc.a(_usi_to_df.o)
 .debug_abbrev  0x00000a62       0xfb f:/altera/nios2eds/bin/gnu/h-i686-mingw32/bin/../lib/gcc/nios2-elf/4.1.2/mno-hw-mul\libgcc.a(_muldi3.o)
 .debug_abbrev  0x00000b5d       0xb9 f:/altera/nios2eds/bin/gnu/h-i686-mingw32/bin/../lib/gcc/nios2-elf/4.1.2/mno-hw-mul\libgcc.a(_clzsi2.o)
 .debug_abbrev  0x00000c16      0x1b1 f:/altera/nios2eds/bin/gnu/h-i686-mingw32/bin/../lib/gcc/nios2-elf/4.1.2/mno-hw-mul\libgcc.a(_pack_df.o)
 .debug_abbrev  0x00000dc7      0x149 f:/altera/nios2eds/bin/gnu/h-i686-mingw32/bin/../lib/gcc/nios2-elf/4.1.2/mno-hw-mul\libgcc.a(_unpack_df.o)
 .debug_abbrev  0x00000f10      0x132 f:/altera/nios2eds/bin/gnu/h-i686-mingw32/bin/../lib/gcc/nios2-elf/4.1.2/mno-hw-mul\libgcc.a(_fpcmp_parts_df.o)
 .debug_abbrev  0x00001042       0x7b f:/altera/nios2eds/bin/gnu/h-i686-mingw32/bin/../lib/gcc/nios2-elf/4.1.2/mno-hw-mul\libgcc.a(lib2-mul.o)
 .debug_abbrev  0x000010bd       0x61 f:/altera/nios2eds/bin/gnu/h-i686-mingw32/bin/../lib/gcc/nios2-elf/4.1.2/mno-hw-mul\libgcc.a(_clz.o)
 .debug_abbrev  0x0000111e      0x179 ../Hello_World_bsp/\libhal_bsp.a(alt_alarm_start.o)
 .debug_abbrev  0x00001297       0x97 ../Hello_World_bsp/\libhal_bsp.a(alt_load.o)
 .debug_abbrev  0x0000132e       0xa6 ../Hello_World_bsp/\libhal_bsp.a(alt_main.o)
 .debug_abbrev  0x000013d4       0x7c ../Hello_World_bsp/\libhal_bsp.a(alt_putstr.o)
 .debug_abbrev  0x00001450      0x15f ../Hello_World_bsp/\libhal_bsp.a(alt_tick.o)
 .debug_abbrev  0x000015af       0xea ../Hello_World_bsp/\libhal_bsp.a(alt_sys_init.o)
 .debug_abbrev  0x00001699       0xf0 ../Hello_World_bsp/\libhal_bsp.a(altera_avalon_jtag_uart_write.o)
 .debug_abbrev  0x00001789      0x158 ../Hello_World_bsp/\libhal_bsp.a(altera_avalon_timer_sc.o)
 .debug_abbrev  0x000018e1       0x3f ../Hello_World_bsp/\libhal_bsp.a(alt_dcache_flush_all.o)
 .debug_abbrev  0x00001920       0x3f ../Hello_World_bsp/\libhal_bsp.a(alt_icache_flush_all.o)
 .debug_abbrev  0x0000195f      0x160 ../Hello_World_bsp/\libhal_bsp.a(alt_iic.o)
 .debug_abbrev  0x00001abf      0x17e ../Hello_World_bsp/\libhal_bsp.a(alt_iic_isr_register.o)
 .debug_abbrev  0x00001c3d       0x12 ../Hello_World_bsp/\libhal_bsp.a(alt_irq_entry.o)
 .debug_abbrev  0x00001c4f      0x117 ../Hello_World_bsp/\libhal_bsp.a(alt_irq_handler.o)
 .debug_abbrev  0x00001d66       0x44 ../Hello_World_bsp/\libhal_bsp.a(alt_irq_vars.o)
 .debug_abbrev  0x00001daa       0x3f ../Hello_World_bsp/\libhal_bsp.a(altera_nios2_qsys_irq.o)
 .debug_abbrev  0x00001de9       0x12 ../Hello_World_bsp/\libhal_bsp.a(alt_exception_entry.o)
 .debug_abbrev  0x00001dfb       0x7a f:/altera/nios2eds/bin/gnu/h-i686-mingw32/bin/../lib/gcc/nios2-elf/4.1.2/../../../../nios2-elf/lib/mno-hw-mul\libsmallc.a(lib_a-strlen.o)

.debug_line     0x00000000     0x3f06
 *(.debug_line)
 .debug_line    0x00000000       0x66 ../Hello_World_bsp//obj/HAL/src/crt0.o
 .debug_line    0x00000066      0x3af obj/default/hello_world_small.o
 .debug_line    0x00000415       0xff f:/altera/nios2eds/bin/gnu/h-i686-mingw32/bin/../lib/gcc/nios2-elf/4.1.2/mno-hw-mul\libgcc.a(_fixunsdfsi.o)
 .debug_line    0x00000514      0x430 f:/altera/nios2eds/bin/gnu/h-i686-mingw32/bin/../lib/gcc/nios2-elf/4.1.2/mno-hw-mul\libgcc.a(_addsub_df.o)
 .debug_line    0x00000944      0x3e5 f:/altera/nios2eds/bin/gnu/h-i686-mingw32/bin/../lib/gcc/nios2-elf/4.1.2/mno-hw-mul\libgcc.a(_mul_df.o)
 .debug_line    0x00000d29      0x129 f:/altera/nios2eds/bin/gnu/h-i686-mingw32/bin/../lib/gcc/nios2-elf/4.1.2/mno-hw-mul\libgcc.a(_ge_df.o)
 .debug_line    0x00000e52      0x149 f:/altera/nios2eds/bin/gnu/h-i686-mingw32/bin/../lib/gcc/nios2-elf/4.1.2/mno-hw-mul\libgcc.a(_df_to_si.o)
 .debug_line    0x00000f9b       0x94 f:/altera/nios2eds/bin/gnu/h-i686-mingw32/bin/../lib/gcc/nios2-elf/4.1.2/mno-hw-mul\libgcc.a(_thenan_df.o)
 .debug_line    0x0000102f      0x189 f:/altera/nios2eds/bin/gnu/h-i686-mingw32/bin/../lib/gcc/nios2-elf/4.1.2/mno-hw-mul\libgcc.a(_usi_to_df.o)
 .debug_line    0x000011b8      0x14f f:/altera/nios2eds/bin/gnu/h-i686-mingw32/bin/../lib/gcc/nios2-elf/4.1.2/mno-hw-mul\libgcc.a(_muldi3.o)
 .debug_line    0x00001307      0x105 f:/altera/nios2eds/bin/gnu/h-i686-mingw32/bin/../lib/gcc/nios2-elf/4.1.2/mno-hw-mul\libgcc.a(_clzsi2.o)
 .debug_line    0x0000140c      0x222 f:/altera/nios2eds/bin/gnu/h-i686-mingw32/bin/../lib/gcc/nios2-elf/4.1.2/mno-hw-mul\libgcc.a(_pack_df.o)
 .debug_line    0x0000162e      0x1e4 f:/altera/nios2eds/bin/gnu/h-i686-mingw32/bin/../lib/gcc/nios2-elf/4.1.2/mno-hw-mul\libgcc.a(_unpack_df.o)
 .debug_line    0x00001812      0x187 f:/altera/nios2eds/bin/gnu/h-i686-mingw32/bin/../lib/gcc/nios2-elf/4.1.2/mno-hw-mul\libgcc.a(_fpcmp_parts_df.o)
 .debug_line    0x00001999      0x11a f:/altera/nios2eds/bin/gnu/h-i686-mingw32/bin/../lib/gcc/nios2-elf/4.1.2/mno-hw-mul\libgcc.a(lib2-mul.o)
 .debug_line    0x00001ab3       0xaa f:/altera/nios2eds/bin/gnu/h-i686-mingw32/bin/../lib/gcc/nios2-elf/4.1.2/mno-hw-mul\libgcc.a(_clz.o)
 .debug_line    0x00001b5d      0x292 ../Hello_World_bsp/\libhal_bsp.a(alt_alarm_start.o)
 .debug_line    0x00001def      0x207 ../Hello_World_bsp/\libhal_bsp.a(alt_load.o)
 .debug_line    0x00001ff6      0x2b2 ../Hello_World_bsp/\libhal_bsp.a(alt_main.o)
 .debug_line    0x000022a8      0x1c9 ../Hello_World_bsp/\libhal_bsp.a(alt_putstr.o)
 .debug_line    0x00002471      0x2e2 ../Hello_World_bsp/\libhal_bsp.a(alt_tick.o)
 .debug_line    0x00002753      0x29f ../Hello_World_bsp/\libhal_bsp.a(alt_sys_init.o)
 .debug_line    0x000029f2      0x2e4 ../Hello_World_bsp/\libhal_bsp.a(altera_avalon_jtag_uart_write.o)
 .debug_line    0x00002cd6      0x2a9 ../Hello_World_bsp/\libhal_bsp.a(altera_avalon_timer_sc.o)
 .debug_line    0x00002f7f      0x1a5 ../Hello_World_bsp/\libhal_bsp.a(alt_dcache_flush_all.o)
 .debug_line    0x00003124      0x1a5 ../Hello_World_bsp/\libhal_bsp.a(alt_icache_flush_all.o)
 .debug_line    0x000032c9      0x26f ../Hello_World_bsp/\libhal_bsp.a(alt_iic.o)
 .debug_line    0x00003538      0x229 ../Hello_World_bsp/\libhal_bsp.a(alt_iic_isr_register.o)
 .debug_line    0x00003761       0x6b ../Hello_World_bsp/\libhal_bsp.a(alt_irq_entry.o)
 .debug_line    0x000037cc      0x20f ../Hello_World_bsp/\libhal_bsp.a(alt_irq_handler.o)
 .debug_line    0x000039db       0x72 ../Hello_World_bsp/\libhal_bsp.a(alt_irq_vars.o)
 .debug_line    0x00003a4d      0x1be ../Hello_World_bsp/\libhal_bsp.a(altera_nios2_qsys_irq.o)
 .debug_line    0x00003c0b       0xab ../Hello_World_bsp/\libhal_bsp.a(alt_exception_entry.o)
 .debug_line    0x00003cb6      0x250 f:/altera/nios2eds/bin/gnu/h-i686-mingw32/bin/../lib/gcc/nios2-elf/4.1.2/../../../../nios2-elf/lib/mno-hw-mul\libsmallc.a(lib_a-strlen.o)

.debug_frame    0x00000000      0x568
 *(.debug_frame)
 .debug_frame   0x00000000       0x78 obj/default/hello_world_small.o
 .debug_frame   0x00000078       0x30 f:/altera/nios2eds/bin/gnu/h-i686-mingw32/bin/../lib/gcc/nios2-elf/4.1.2/mno-hw-mul\libgcc.a(_fixunsdfsi.o)
 .debug_frame   0x000000a8       0x70 f:/altera/nios2eds/bin/gnu/h-i686-mingw32/bin/../lib/gcc/nios2-elf/4.1.2/mno-hw-mul\libgcc.a(_addsub_df.o)
 .debug_frame   0x00000118       0x3c f:/altera/nios2eds/bin/gnu/h-i686-mingw32/bin/../lib/gcc/nios2-elf/4.1.2/mno-hw-mul\libgcc.a(_mul_df.o)
 .debug_frame   0x00000154       0x2c f:/altera/nios2eds/bin/gnu/h-i686-mingw32/bin/../lib/gcc/nios2-elf/4.1.2/mno-hw-mul\libgcc.a(_ge_df.o)
 .debug_frame   0x00000180       0x28 f:/altera/nios2eds/bin/gnu/h-i686-mingw32/bin/../lib/gcc/nios2-elf/4.1.2/mno-hw-mul\libgcc.a(_df_to_si.o)
 .debug_frame   0x000001a8       0x38 f:/altera/nios2eds/bin/gnu/h-i686-mingw32/bin/../lib/gcc/nios2-elf/4.1.2/mno-hw-mul\libgcc.a(_usi_to_df.o)
 .debug_frame   0x000001e0       0x40 f:/altera/nios2eds/bin/gnu/h-i686-mingw32/bin/../lib/gcc/nios2-elf/4.1.2/mno-hw-mul\libgcc.a(_muldi3.o)
 .debug_frame   0x00000220       0x20 f:/altera/nios2eds/bin/gnu/h-i686-mingw32/bin/../lib/gcc/nios2-elf/4.1.2/mno-hw-mul\libgcc.a(_clzsi2.o)
 .debug_frame   0x00000240       0x2c f:/altera/nios2eds/bin/gnu/h-i686-mingw32/bin/../lib/gcc/nios2-elf/4.1.2/mno-hw-mul\libgcc.a(_pack_df.o)
 .debug_frame   0x0000026c       0x20 f:/altera/nios2eds/bin/gnu/h-i686-mingw32/bin/../lib/gcc/nios2-elf/4.1.2/mno-hw-mul\libgcc.a(_unpack_df.o)
 .debug_frame   0x0000028c       0x20 f:/altera/nios2eds/bin/gnu/h-i686-mingw32/bin/../lib/gcc/nios2-elf/4.1.2/mno-hw-mul\libgcc.a(_fpcmp_parts_df.o)
 .debug_frame   0x000002ac       0x20 f:/altera/nios2eds/bin/gnu/h-i686-mingw32/bin/../lib/gcc/nios2-elf/4.1.2/mno-hw-mul\libgcc.a(lib2-mul.o)
 .debug_frame   0x000002cc       0x20 ../Hello_World_bsp/\libhal_bsp.a(alt_alarm_start.o)
 .debug_frame   0x000002ec       0x38 ../Hello_World_bsp/\libhal_bsp.a(alt_load.o)
 .debug_frame   0x00000324       0x28 ../Hello_World_bsp/\libhal_bsp.a(alt_main.o)
 .debug_frame   0x0000034c       0x28 ../Hello_World_bsp/\libhal_bsp.a(alt_putstr.o)
 .debug_frame   0x00000374       0x3c ../Hello_World_bsp/\libhal_bsp.a(alt_tick.o)
 .debug_frame   0x000003b0       0x38 ../Hello_World_bsp/\libhal_bsp.a(alt_sys_init.o)
 .debug_frame   0x000003e8       0x20 ../Hello_World_bsp/\libhal_bsp.a(altera_avalon_jtag_uart_write.o)
 .debug_frame   0x00000408       0x40 ../Hello_World_bsp/\libhal_bsp.a(altera_avalon_timer_sc.o)
 .debug_frame   0x00000448       0x20 ../Hello_World_bsp/\libhal_bsp.a(alt_dcache_flush_all.o)
 .debug_frame   0x00000468       0x20 ../Hello_World_bsp/\libhal_bsp.a(alt_icache_flush_all.o)
 .debug_frame   0x00000488       0x50 ../Hello_World_bsp/\libhal_bsp.a(alt_iic.o)
 .debug_frame   0x000004d8       0x28 ../Hello_World_bsp/\libhal_bsp.a(alt_iic_isr_register.o)
 .debug_frame   0x00000500       0x28 ../Hello_World_bsp/\libhal_bsp.a(alt_irq_handler.o)
 .debug_frame   0x00000528       0x20 ../Hello_World_bsp/\libhal_bsp.a(altera_nios2_qsys_irq.o)
 .debug_frame   0x00000548       0x20 f:/altera/nios2eds/bin/gnu/h-i686-mingw32/bin/../lib/gcc/nios2-elf/4.1.2/../../../../nios2-elf/lib/mno-hw-mul\libsmallc.a(lib_a-strlen.o)

.debug_str      0x00000000      0xbcc
 *(.debug_str)
 .debug_str     0x00000000      0x180 obj/default/hello_world_small.o
                                0x1e9 (size before relaxing)
 .debug_str     0x00000180       0xc9 f:/altera/nios2eds/bin/gnu/h-i686-mingw32/bin/../lib/gcc/nios2-elf/4.1.2/mno-hw-mul\libgcc.a(_fixunsdfsi.o)
                                0x16b (size before relaxing)
 .debug_str     0x00000249      0x148 f:/altera/nios2eds/bin/gnu/h-i686-mingw32/bin/../lib/gcc/nios2-elf/4.1.2/mno-hw-mul\libgcc.a(_addsub_df.o)
                                0x26f (size before relaxing)
 .debug_str     0x00000391       0x45 f:/altera/nios2eds/bin/gnu/h-i686-mingw32/bin/../lib/gcc/nios2-elf/4.1.2/mno-hw-mul\libgcc.a(_mul_df.o)
                                0x241 (size before relaxing)
 .debug_str     0x000003d6        0x8 f:/altera/nios2eds/bin/gnu/h-i686-mingw32/bin/../lib/gcc/nios2-elf/4.1.2/mno-hw-mul\libgcc.a(_ge_df.o)
                                0x1fe (size before relaxing)
 .debug_str     0x000003de        0xa f:/altera/nios2eds/bin/gnu/h-i686-mingw32/bin/../lib/gcc/nios2-elf/4.1.2/mno-hw-mul\libgcc.a(_df_to_si.o)
                                0x207 (size before relaxing)
 .debug_str     0x00000000      0x1a3 f:/altera/nios2eds/bin/gnu/h-i686-mingw32/bin/../lib/gcc/nios2-elf/4.1.2/mno-hw-mul\libgcc.a(_thenan_df.o)
 .debug_str     0x000003e8       0x21 f:/altera/nios2eds/bin/gnu/h-i686-mingw32/bin/../lib/gcc/nios2-elf/4.1.2/mno-hw-mul\libgcc.a(_usi_to_df.o)
                                0x1da (size before relaxing)
 .debug_str     0x00000409       0x42 f:/altera/nios2eds/bin/gnu/h-i686-mingw32/bin/../lib/gcc/nios2-elf/4.1.2/mno-hw-mul\libgcc.a(_muldi3.o)
                                0x1ac (size before relaxing)
 .debug_str     0x0000044b       0x20 f:/altera/nios2eds/bin/gnu/h-i686-mingw32/bin/../lib/gcc/nios2-elf/4.1.2/mno-hw-mul\libgcc.a(_clzsi2.o)
                                0x17e (size before relaxing)
 .debug_str     0x0000046b       0x10 f:/altera/nios2eds/bin/gnu/h-i686-mingw32/bin/../lib/gcc/nios2-elf/4.1.2/mno-hw-mul\libgcc.a(_pack_df.o)
                                0x206 (size before relaxing)
 .debug_str     0x0000047b        0xb f:/altera/nios2eds/bin/gnu/h-i686-mingw32/bin/../lib/gcc/nios2-elf/4.1.2/mno-hw-mul\libgcc.a(_unpack_df.o)
                                0x1e8 (size before relaxing)
 .debug_str     0x00000486       0x10 f:/altera/nios2eds/bin/gnu/h-i686-mingw32/bin/../lib/gcc/nios2-elf/4.1.2/mno-hw-mul\libgcc.a(_fpcmp_parts_df.o)
                                0x1c6 (size before relaxing)
 .debug_str     0x00000496       0x37 f:/altera/nios2eds/bin/gnu/h-i686-mingw32/bin/../lib/gcc/nios2-elf/4.1.2/mno-hw-mul\libgcc.a(lib2-mul.o)
                                0x175 (size before relaxing)
 .debug_str     0x00000000      0x161 f:/altera/nios2eds/bin/gnu/h-i686-mingw32/bin/../lib/gcc/nios2-elf/4.1.2/mno-hw-mul\libgcc.a(_clz.o)
 .debug_str     0x000004cd       0xd2 ../Hello_World_bsp/\libhal_bsp.a(alt_alarm_start.o)
                                0x22e (size before relaxing)
 .debug_str     0x0000059f       0xe9 ../Hello_World_bsp/\libhal_bsp.a(alt_load.o)
                                0x1c2 (size before relaxing)
 .debug_str     0x00000688       0x51 ../Hello_World_bsp/\libhal_bsp.a(alt_main.o)
                                0x146 (size before relaxing)
 .debug_str     0x000006d9       0x4a ../Hello_World_bsp/\libhal_bsp.a(alt_putstr.o)
                                0x11b (size before relaxing)
 .debug_str     0x00000723       0x4a ../Hello_World_bsp/\libhal_bsp.a(alt_tick.o)
                                0x202 (size before relaxing)
 .debug_str     0x0000076d       0x9d ../Hello_World_bsp/\libhal_bsp.a(alt_sys_init.o)
                                0x1f1 (size before relaxing)
 .debug_str     0x0000080a       0x56 ../Hello_World_bsp/\libhal_bsp.a(altera_avalon_jtag_uart_write.o)
                                0x1be (size before relaxing)
 .debug_str     0x00000860       0x7f ../Hello_World_bsp/\libhal_bsp.a(altera_avalon_timer_sc.o)
                                0x1f4 (size before relaxing)
 .debug_str     0x000008df       0x34 ../Hello_World_bsp/\libhal_bsp.a(alt_dcache_flush_all.o)
                                0x105 (size before relaxing)
 .debug_str     0x00000913       0x34 ../Hello_World_bsp/\libhal_bsp.a(alt_icache_flush_all.o)
                                0x105 (size before relaxing)
 .debug_str     0x00000947       0xc4 ../Hello_World_bsp/\libhal_bsp.a(alt_iic.o)
                                0x1ee (size before relaxing)
 .debug_str     0x00000a0b       0x4c ../Hello_World_bsp/\libhal_bsp.a(alt_iic_isr_register.o)
                                0x198 (size before relaxing)
 .debug_str     0x00000a57       0x3a ../Hello_World_bsp/\libhal_bsp.a(alt_irq_handler.o)
                                0x147 (size before relaxing)
 .debug_str     0x00000a91       0x17 ../Hello_World_bsp/\libhal_bsp.a(alt_irq_vars.o)
                                 0xff (size before relaxing)
 .debug_str     0x00000aa8       0x3b ../Hello_World_bsp/\libhal_bsp.a(altera_nios2_qsys_irq.o)
                                0x10c (size before relaxing)
 .debug_str     0x00000ae3       0xe9 f:/altera/nios2eds/bin/gnu/h-i686-mingw32/bin/../lib/gcc/nios2-elf/4.1.2/../../../../nios2-elf/lib/mno-hw-mul\libsmallc.a(lib_a-strlen.o)
                                0x184 (size before relaxing)

.debug_loc      0x00000000     0x128f
 *(.debug_loc)
 .debug_loc     0x00000000       0x70 obj/default/hello_world_small.o
 .debug_loc     0x00000070       0x87 f:/altera/nios2eds/bin/gnu/h-i686-mingw32/bin/../lib/gcc/nios2-elf/4.1.2/mno-hw-mul\libgcc.a(_fixunsdfsi.o)
 .debug_loc     0x000000f7      0x47a f:/altera/nios2eds/bin/gnu/h-i686-mingw32/bin/../lib/gcc/nios2-elf/4.1.2/mno-hw-mul\libgcc.a(_addsub_df.o)
 .debug_loc     0x00000571      0x3b4 f:/altera/nios2eds/bin/gnu/h-i686-mingw32/bin/../lib/gcc/nios2-elf/4.1.2/mno-hw-mul\libgcc.a(_mul_df.o)
 .debug_loc     0x00000925       0x70 f:/altera/nios2eds/bin/gnu/h-i686-mingw32/bin/../lib/gcc/nios2-elf/4.1.2/mno-hw-mul\libgcc.a(_ge_df.o)
 .debug_loc     0x00000995       0x8b f:/altera/nios2eds/bin/gnu/h-i686-mingw32/bin/../lib/gcc/nios2-elf/4.1.2/mno-hw-mul\libgcc.a(_df_to_si.o)
 .debug_loc     0x00000a20       0x5b f:/altera/nios2eds/bin/gnu/h-i686-mingw32/bin/../lib/gcc/nios2-elf/4.1.2/mno-hw-mul\libgcc.a(_usi_to_df.o)
 .debug_loc     0x00000a7b      0x103 f:/altera/nios2eds/bin/gnu/h-i686-mingw32/bin/../lib/gcc/nios2-elf/4.1.2/mno-hw-mul\libgcc.a(_muldi3.o)
 .debug_loc     0x00000b7e       0x1e f:/altera/nios2eds/bin/gnu/h-i686-mingw32/bin/../lib/gcc/nios2-elf/4.1.2/mno-hw-mul\libgcc.a(_clzsi2.o)
 .debug_loc     0x00000b9c      0x184 f:/altera/nios2eds/bin/gnu/h-i686-mingw32/bin/../lib/gcc/nios2-elf/4.1.2/mno-hw-mul\libgcc.a(_pack_df.o)
 .debug_loc     0x00000d20       0xe5 f:/altera/nios2eds/bin/gnu/h-i686-mingw32/bin/../lib/gcc/nios2-elf/4.1.2/mno-hw-mul\libgcc.a(_unpack_df.o)
 .debug_loc     0x00000e05       0x4f f:/altera/nios2eds/bin/gnu/h-i686-mingw32/bin/../lib/gcc/nios2-elf/4.1.2/mno-hw-mul\libgcc.a(lib2-mul.o)
 .debug_loc     0x00000e54       0x31 ../Hello_World_bsp/\libhal_bsp.a(alt_alarm_start.o)
 .debug_loc     0x00000e85       0x1f ../Hello_World_bsp/\libhal_bsp.a(alt_load.o)
 .debug_loc     0x00000ea4       0x1f ../Hello_World_bsp/\libhal_bsp.a(alt_main.o)
 .debug_loc     0x00000ec3       0x48 ../Hello_World_bsp/\libhal_bsp.a(alt_putstr.o)
 .debug_loc     0x00000f0b       0x71 ../Hello_World_bsp/\libhal_bsp.a(alt_tick.o)
 .debug_loc     0x00000f7c       0x32 ../Hello_World_bsp/\libhal_bsp.a(alt_sys_init.o)
 .debug_loc     0x00000fae       0x26 ../Hello_World_bsp/\libhal_bsp.a(altera_avalon_jtag_uart_write.o)
 .debug_loc     0x00000fd4       0xdc ../Hello_World_bsp/\libhal_bsp.a(altera_avalon_timer_sc.o)
 .debug_loc     0x000010b0       0x72 ../Hello_World_bsp/\libhal_bsp.a(alt_iic.o)
 .debug_loc     0x00001122       0xf4 ../Hello_World_bsp/\libhal_bsp.a(alt_iic_isr_register.o)
 .debug_loc     0x00001216       0x5b ../Hello_World_bsp/\libhal_bsp.a(alt_irq_handler.o)
 .debug_loc     0x00001271       0x1e f:/altera/nios2eds/bin/gnu/h-i686-mingw32/bin/../lib/gcc/nios2-elf/4.1.2/../../../../nios2-elf/lib/mno-hw-mul\libsmallc.a(lib_a-strlen.o)

.debug_macinfo
 *(.debug_macinfo)

.debug_weaknames
 *(.debug_weaknames)

.debug_funcnames
 *(.debug_funcnames)

.debug_typenames
 *(.debug_typenames)

.debug_varnames
 *(.debug_varnames)

.debug_alt_sim_info
                0x00000000       0x10
 *(.debug_alt_sim_info)
 .debug_alt_sim_info
                0x00000000       0x10 ../Hello_World_bsp//obj/HAL/src/crt0.o
                0x00012300                __alt_data_end = 0x12300
                0x00012300                PROVIDE (__alt_stack_pointer, __alt_data_end)
                0x00011db0                PROVIDE (__alt_stack_limit, __alt_stack_base)
                0x00011db0                PROVIDE (__alt_heap_start, end)
                0x00012300                PROVIDE (__alt_heap_limit, 0x12300)
OUTPUT(Hello_World.elf elf32-littlenios2)

.debug_ranges   0x00000000      0x250
 .debug_ranges  0x00000000       0x20 ../Hello_World_bsp//obj/HAL/src/crt0.o
 .debug_ranges  0x00000020       0x30 f:/altera/nios2eds/bin/gnu/h-i686-mingw32/bin/../lib/gcc/nios2-elf/4.1.2/mno-hw-mul\libgcc.a(_addsub_df.o)
 .debug_ranges  0x00000050       0x88 f:/altera/nios2eds/bin/gnu/h-i686-mingw32/bin/../lib/gcc/nios2-elf/4.1.2/mno-hw-mul\libgcc.a(_mul_df.o)
 .debug_ranges  0x000000d8       0x18 f:/altera/nios2eds/bin/gnu/h-i686-mingw32/bin/../lib/gcc/nios2-elf/4.1.2/mno-hw-mul\libgcc.a(_usi_to_df.o)
 .debug_ranges  0x000000f0       0x88 f:/altera/nios2eds/bin/gnu/h-i686-mingw32/bin/../lib/gcc/nios2-elf/4.1.2/mno-hw-mul\libgcc.a(_muldi3.o)
 .debug_ranges  0x00000178       0x28 f:/altera/nios2eds/bin/gnu/h-i686-mingw32/bin/../lib/gcc/nios2-elf/4.1.2/mno-hw-mul\libgcc.a(_clzsi2.o)
 .debug_ranges  0x000001a0       0x28 f:/altera/nios2eds/bin/gnu/h-i686-mingw32/bin/../lib/gcc/nios2-elf/4.1.2/mno-hw-mul\libgcc.a(_pack_df.o)
 .debug_ranges  0x000001c8       0x18 ../Hello_World_bsp/\libhal_bsp.a(altera_avalon_timer_sc.o)
 .debug_ranges  0x000001e0       0x28 ../Hello_World_bsp/\libhal_bsp.a(alt_irq_entry.o)
 .debug_ranges  0x00000208       0x18 ../Hello_World_bsp/\libhal_bsp.a(alt_irq_handler.o)
 .debug_ranges  0x00000220       0x30 ../Hello_World_bsp/\libhal_bsp.a(alt_exception_entry.o)
